


ARM Macro Assembler    Page 1 


    1 00000000                 AREA             Lab1Part2, CODE, READONLY
    2 00000000                 ENTRY
    3 00000000         
    4 00000000 E3A05011 
                       main    MOV              r5, #17
    5 00000004         
    6 00000004         
    7 00000004         
    8 00000004 E3A01001        MOV              r1, #1
    9 00000008 E3A02000        MOV              r2, #0
   10 0000000C E2811001 
                       LOOP    ADD              r1, r1, #1
   11 00000010 E0812002        ADD              r2, r1, r2
   12 00000014 E1520005        CMP              r2, r5
   13 00000018 DAFFFFFB        BLE              LOOP
   14 0000001C         
   15 0000001C E2415001        SUB              r5, r1, #1
   16 00000020         
   17 00000020 E3A00018 
                       STOP    MOV              r0, #0x18
   18 00000024 E59F1000        LDR              r1, =0x20026
   19 00000028 EF123456        SWI              0x0123456
   20 0000002C         
   21 0000002C                 END
              00020026 
Command Line: --debug --xref --diag_suppress=9931 --apcs=interwork --depend=.\o
bjects\lab1part2.d -o.\objects\lab1part2.o -IC:\Keil_v5\ARM\RV31\INC -IC:\Keil_
v5\ARM\CMSIS\Include -IC:\Keil_v5\ARM\Inc\Philips --predefine="__EVAL SETA 1" -
-predefine="__UVISION_VERSION SETA 522" --list=.\listings\lab1part2.lst lab1par
t2.s



ARM Macro Assembler    Page 1 Alphabetic symbol ordering
Relocatable symbols

LOOP 0000000C

Symbol: LOOP
   Definitions
      At line 10 in file lab1part2.s
   Uses
      At line 13 in file lab1part2.s
Comment: LOOP used once
Lab1Part2 00000000

Symbol: Lab1Part2
   Definitions
      At line 1 in file lab1part2.s
   Uses
      None
Comment: Lab1Part2 unused
STOP 00000020

Symbol: STOP
   Definitions
      At line 17 in file lab1part2.s
   Uses
      None
Comment: STOP unused
main 00000000

Symbol: main
   Definitions
      At line 4 in file lab1part2.s
   Uses
      None
Comment: main unused
4 symbols
338 symbols in table
