


ARM Macro Assembler    Page 1 


    1 00000000                 AREA             SquareTest, CODE, READONLY
    2 00000000                 ENTRY
    3 00000000         
    4 00000000         
    5 00000000 E3A05028 
                       main    MOV              r5, #40     ; Replace the conte
                                                            nts of register r5 
                                                            
    6 00000004         ; with the square root of the largest
    7 00000004         ; perfect square less than or equal to 
    8 00000004         ; the value originally in r5.
    9 00000004 E3A01001        MOV              r1, #1
   10 00000008         
   11 00000008 E2811001 
                       LOOP    ADD              r1, r1, #1  ; Increment r1 by 1
                                                            
   12 0000000C E1A03001        MOV              r3, r1      ; Load r3 for multi
                                                            plication
   13 00000010         
   14 00000010 E2432001        SUB              r2, r3, #1  ; Start of multipli
                                                            cation 
   15 00000014         ; routine r3 = r3 * r1
   16 00000014 E0833001 
                       MULT    ADD              r3, r3, r1  ; 
   17 00000018 E2422001        SUB              r2, r2, #1  ; Decrement counter
                                                            
   18 0000001C E3520000        CMP              r2, #0
   19 00000020 CAFFFFFB        BGT              MULT
   20 00000024         
   21 00000024 E1530005        CMP              r3, r5      ; Has the value bee
                                                            n found?
   22 00000028 DAFFFFF6        BLE              LOOP        ; If not, try check
                                                             for the next integ
                                                            er
   23 0000002C         
   24 0000002C E2415001        SUB              r5, r1, #1  ; Answer  
   25 00000030         
   26 00000030 E3A00018 
                       STOP    MOV              r0, #0x18
   27 00000034 E59F1000        LDR              r1, =0x20026
   28 00000038 EF123456        SWI              0x0123456
   29 0000003C         
   30 0000003C                 END
              00020026 
Command Line: --debug --xref --diag_suppress=9931 --apcs=interwork --depend=.\o
bjects\lab1debug.d -o.\objects\lab1debug.o -IC:\Keil_v5\ARM\RV31\INC -IC:\Keil_
v5\ARM\CMSIS\Include -IC:\Keil_v5\ARM\Inc\Philips --predefine="__EVAL SETA 1" -
-predefine="__UVISION_VERSION SETA 522" --list=.\listings\lab1debug.lst lab1deb
ug.s



ARM Macro Assembler    Page 1 Alphabetic symbol ordering
Relocatable symbols

LOOP 00000008

Symbol: LOOP
   Definitions
      At line 11 in file lab1debug.s
   Uses
      At line 22 in file lab1debug.s
Comment: LOOP used once
MULT 00000014

Symbol: MULT
   Definitions
      At line 16 in file lab1debug.s
   Uses
      At line 19 in file lab1debug.s
Comment: MULT used once
STOP 00000030

Symbol: STOP
   Definitions
      At line 26 in file lab1debug.s
   Uses
      None
Comment: STOP unused
SquareTest 00000000

Symbol: SquareTest
   Definitions
      At line 1 in file lab1debug.s
   Uses
      None
Comment: SquareTest unused
main 00000000

Symbol: main
   Definitions
      At line 5 in file lab1debug.s
   Uses
      None
Comment: main unused
5 symbols
339 symbols in table
