<html>
<body>
<pre>
<h1>µVision Build Log</h1>
<h2>Tool Versions:</h2>
IDE-Version: µVision V5.22.0.0
Copyright (C) 2016 ARM Ltd and ARM Germany GmbH. All rights reserved.
License Information: Do O, UB, LIC=----
 
Tool Versions:
Toolchain:       MDK-Lite  Version: 5.22
Toolchain Path:  C:\Keil_v5\ARM\ARMCC\Bin
C Compiler:      Armcc.exe V5.06 update 4 (build 422)
Assembler:       Armasm.exe V5.06 update 4 (build 422)
Linker/Locator:  ArmLink.exe V5.06 update 4 (build 422)
Library Manager: ArmAr.exe V5.06 update 4 (build 422)
Hex Converter:   FromElf.exe V5.06 update 4 (build 422)
CPU DLL:         SARM.DLL V5.22
Dialog DLL:      DARMP.DLL V1.53.0.0
Target DLL:      UL2ARM.DLL V1.74.10.0
Dialog DLL:      TARMP.DLL V1.53.0.0
 
<h2>Project:</h2>
C:\Users\doyom\Documents\cse379\lab1\lab1.uvproj
Project File Date:  02/06/2017

<h2>Output:</h2>
*** Using Compiler 'V5.06 update 4 (build 422)', folder: 'C:\Keil_v5\ARM\ARMCC\Bin'
Build target 'Target 1'
assembling lab1assembly.s...
lab1assembly.s(8): warning: A1608W: MOV pc,<rn> instruction used, but BX <rn> is preferred
assembling Startup.s...
compiling cwrapper.c...
cwrapper.c(12): warning:  #1-D: last line of file ends without a newline
  }
cwrapper.c(8): warning:  #550-D: variable "result"  was set but never used
  	int result;
cwrapper.c: 2 warnings, 0 errors
linking...
Program Size: Code=480 RO-data=16 RW-data=0 ZI-data=1256  
".\Objects\lab1.axf" - 0 Error(s), 3 Warning(s).
Build Time Elapsed:  00:00:01
</pre>
</body>
</html>
